{"user_id":1000,"level_id":1,"code":"some code i'm replacing"}