{"error":"'user_id' malformed. Expecting a positive number."}