{"error":"'code_id' malformed. Expecting a positive number."}