{"error":"no code associated to the user_id '1000' and code_id '1000'"}