{"user_id":1000,"id":1,"code":"some code i'm uploading"}