{"id":1000,"name":"Some name","description":"Some description"}