{"error":"'code_id' malformed, expecting a positive number"}