{"code":"expected code","code_id":1,"user_id":1000}