{"code":"some code i'm replacing","code_id":"1000","user_id":"1000"}