{"code":"some code i'm uploading","code_id":1,"user_id":1000}