{"error":"'level_id' malformed, expecting a positive number"}