{"id":1000,"email":"test@email.com","name":"TestName","surname":"TestSurname"}