{"code":"","workspace":"","user_id":1000,"level_id":1000}