{"user_id":1000,"level_id":1000,"code":"\npackage main\n\nimport (\n\t\"fmt\"\n)\n\nfunc main() {\n\tfmt.Print(\"Hello world!\")\n}\n\t\t\t"}