{"error":"no user associated to the user_id '1000' found"}