{"error":"'user_id' malformed, expecting a positive number"}